2025.11.18 20:20:28 INFO  Started: Metals version 1.6.3 in folders 'C:\Programming\FH\htwg\sem3\algodat\exerc2' for client Visual Studio Code 1.106.0.
2025.11.18 20:20:32 WARN  Using H2 2.4.240 which is newer than the version Flyway has been verified with. The latest verified version of H2 is 2.3.232.
2025.11.18 20:20:32 INFO  Attempting to connect to the build server...
2025.11.18 20:20:32 INFO  Running BSP server List(/usr/share/scala3/libexec/scala-cli.jar, --cli-default-scala-version, 3.7.3, --repository, file:///usr/share/scala3/maven2, --prog-name, scala, --skip-cli-updates, bsp, --json-options, /home/ciphercorsair/Programming/FH/htwg/sem3/algodat/exerc2/.scala-build/ide-options-v2.json, --json-launcher-options, /home/ciphercorsair/Programming/FH/htwg/sem3/algodat/exerc2/.scala-build/ide-launcher-options.json, --envs-file, /home/ciphercorsair/Programming/FH/htwg/sem3/algodat/exerc2/.scala-build/ide-envs.json, /home/ciphercorsair/Programming/FH/htwg/sem3/algodat/exerc2/solution.scala)
2025.11.18 20:20:32 ERROR Running process '/usr/share/scala3/libexec/scala-cli.jar --cli-default-scala-version 3.7.3 --repository file:///usr/share/scala3/maven2 --prog-name scala --skip-cli-updates bsp --json-options /home/ciphercorsair/Programming/FH/htwg/sem3/algodat/exerc2/.scala-build/ide-options-v2.json --json-launcher-options /home/ciphercorsair/Programming/FH/htwg/sem3/algodat/exerc2/.scala-build/ide-launcher-options.json --envs-file /home/ciphercorsair/Programming/FH/htwg/sem3/algodat/exerc2/.scala-build/ide-envs.json /home/ciphercorsair/Programming/FH/htwg/sem3/algodat/exerc2/solution.scala' failed
java.io.IOException: Cannot run program "/usr/share/scala3/libexec/scala-cli.jar" (in directory "C:\Programming\FH\htwg\sem3\algodat\exerc2"): CreateProcess error=2, Das System kann die angegebene Datei nicht finden
	at java.lang.ProcessBuilder.start(ProcessBuilder.java:1112)
	at java.lang.ProcessBuilder.start(ProcessBuilder.java:1046)
	at scala.meta.internal.process.SystemProcess$.run(SystemProcess.scala:48)
	at scala.meta.internal.bsp.BspServers.newConnection$1(BspServers.scala:118)
	at scala.meta.internal.bsp.BspServers.$anonfun$newServer$8(BspServers.scala:161)
	at scala.meta.internal.metals.BuildServerConnection$.setupServer$1(BuildServerConnection.scala:631)
	at scala.meta.internal.metals.BuildServerConnection$.fromSockets(BuildServerConnection.scala:700)
	at scala.meta.internal.bsp.BspServers.newServer(BspServers.scala:156)
	at scala.meta.internal.bsp.BspConnector.connect$1(BspConnector.scala:185)
	at scala.meta.internal.bsp.BspConnector.connect(BspConnector.scala:252)
	at scala.meta.internal.metals.ConnectionProvider$Connect$.$anonfun$createSession$7(ConnectionProvider.scala:578)
	at scala.concurrent.impl.Promise$Transformation.run(Promise.scala:503)
	at java.util.concurrent.ThreadPoolExecutor.runWorker(ThreadPoolExecutor.java:1090)
	at java.util.concurrent.ThreadPoolExecutor$Worker.run(ThreadPoolExecutor.java:614)
	at java.lang.Thread.run(Thread.java:1474)
Caused by: java.io.IOException: CreateProcess error=2, Das System kann die angegebene Datei nicht finden
	at java.lang.ProcessImpl.create(Native Method)
	at java.lang.ProcessImpl.<init>(ProcessImpl.java:485)
	at java.lang.ProcessImpl.start(ProcessImpl.java:146)
	at java.lang.ProcessBuilder.start(ProcessBuilder.java:1078)
	at java.lang.ProcessBuilder.start(ProcessBuilder.java:1046)
	at scala.meta.internal.process.SystemProcess$.run(SystemProcess.scala:48)
	at scala.meta.internal.bsp.BspServers.newConnection$1(BspServers.scala:118)
	at scala.meta.internal.bsp.BspServers.$anonfun$newServer$8(BspServers.scala:161)
	at scala.meta.internal.metals.BuildServerConnection$.setupServer$1(BuildServerConnection.scala:631)
	at scala.meta.internal.metals.BuildServerConnection$.fromSockets(BuildServerConnection.scala:700)
	at scala.meta.internal.bsp.BspServers.newServer(BspServers.scala:156)
	at scala.meta.internal.bsp.BspConnector.connect$1(BspConnector.scala:185)
	at scala.meta.internal.bsp.BspConnector.connect(BspConnector.scala:252)
	at scala.meta.internal.metals.ConnectionProvider$Connect$.$anonfun$createSession$7(ConnectionProvider.scala:578)
	at scala.concurrent.impl.Promise$Transformation.run(Promise.scala:503)
	at java.util.concurrent.ThreadPoolExecutor.runWorker(ThreadPoolExecutor.java:1090)
	at java.util.concurrent.ThreadPoolExecutor$Worker.run(ThreadPoolExecutor.java:614)
	at java.lang.Thread.run(Thread.java:1474)

2025.11.18 20:20:32 INFO  tracing is disabled for protocol BSP, to enable tracing of incoming and outgoing JSON messages create an empty file at C:\Programming\FH\htwg\sem3\algodat\exerc2\.metals\bsp.trace.json or C:\Users\engel\AppData\Local\scalameta\metals\cache\bsp.trace.json
2025.11.18 20:20:35 INFO  Shutting down server
2025.11.18 20:20:35 INFO  shutting down Metals
2025.11.18 20:20:35 INFO  Exiting server
